Testing notification list for user: 3
node : Test failed 
with error: 
TypeError: notificatio
nService.getUserNotifi
cations is not a 
function
At line:1 char:1
+ node 
test_notification.js 
> test_output.txt 2>&1
+ ~~~~~~~~~~~~~~~~~~~~
~~~~~~~~~~~~~~~~~~~~~~
~~~~~~
    + CategoryInfo    
          : 
NotSpecifi    ed: 
(Test failed w    
it... not a functi    
on:String) [], Rem    
oteException
    + 
FullyQualifiedEr    
rorId : NativeComm    
andError
 
    at test (file:///D
:/Desktop/Captone_2/Ba
ck_End/test_notificati
on.js:14:45)
TypeError: notificatio
nService.getUserNotifi
cations is not a 
function
    at test (file:///D
:/Desktop/Captone_2/Ba
ck_End/test_notificati
on.js:14:45)
